RUN RESULT:
✓ State: running

REGISTERS RESULT:
Registers:
  EAX    = 0x00401112
  EBX    = 0x003fd000
  ECX    = 0x00000000
  EDX    = 0x00000000
  ESI    = 0x00000000
  EDI    = 0x00000000
  EBP    = 0x00000000
  ESP    = 0x0019fff0
  EIP    = 0x776657c0
  EFlags = 0x00000202